
[1m[46m RUN [49m[22m [36mv4.0.16 [39m[90mB:/github/angFin[39m

 [32mÔ£ô[39m src/app/core/math/fixed-income.utils.spec.ts [2m([22m[2m3 tests[22m[2m)[22m[32m 26[2mms[22m[39m
 [32mÔ£ô[39m src/app/core/math/tvm.utils.spec.ts [2m([22m[2m6 tests[22m[2m)[22m[32m 38[2mms[22m[39m
 [32mÔ£ô[39m src/app/core/math/amortization.utils.spec.ts [2m([22m[2m4 tests[22m[2m)[22m[32m 39[2mms[22m[39m
 [32mÔ£ô[39m src/app/core/math/stats.utils.spec.ts [2m([22m[2m4 tests[22m[2m)[22m[32m 21[2mms[22m[39m
 [32mÔ£ô[39m src/app/core/math/equity.utils.spec.ts [2m([22m[2m4 tests[22m[2m)[22m[32m 24[2mms[22m[39m
 [32mÔ£ô[39m src/app/core/math/investment.utils.spec.ts [2m([22m[2m6 tests[22m[2m)[22m[32m 27[2mms[22m[39m
 [31mÔØ»[39m src/app/domains/calculators/data/calculator.service.spec.ts [2m([22m[2m4 tests[22m[2m | [22m[31m4 failed[39m[2m)[22m[32m 48[2mms[22m[39m
[31m     [31m├ù[31m should be created[39m[32m 31[2mms[22m[39m
[31m     [31m├ù[31m should have a list of calculators initially[39m[32m 10[2mms[22m[39m
[31m     [31m├ù[31m should load a config correctly[39m[32m 2[2mms[22m[39m
[31m     [31m├ù[31m should handle loading errors gracefully[39m[32m 2[2mms[22m[39m
 [31mÔØ»[39m src/app/app.spec.ts [2m([22m[2m1 test[22m[2m | [22m[31m1 failed[39m[2m)[22m[32m 50[2mms[22m[39m
[31m     [31m├ù[31m should render the title[39m[32m 45[2mms[22m[39m
 [31mÔØ»[39m src/app/domains/calculators/feature-list/calculator-list.component.spec.ts [2m([22m[2m2 tests[22m[2m | [22m[31m2 failed[39m[2m)[22m[32m 212[2mms[22m[39m
[31m     [31m├ù[31m should render the list of calculators[39m[32m 168[2mms[22m[39m
[31m     [31m├ù[31m should filter calculators by search query[39m[32m 38[2mms[22m[39m
 [31mÔØ»[39m src/app/domains/calculators/feature-detail/ui/calculator-form.component.spec.ts [2m([22m[2m3 tests[22m[2m | [22m[31m3 failed[39m[2m)[22m[33m 705[2mms[22m[39m
[31m     [31m├ù[31m should create[39m[32m 71[2mms[22m[39m
[31m     [31m├ù[31m should initialize the local form signal[39m[33m 554[2mms[22m[39m
[31m     [31m├ù[31m should update data when inputs change[39m[32m 65[2mms[22m[39m
node.exe : 
At line:1 char:1
+ & "C:\Program Files\nodejs/node.exe" "C:\Users\vin2v\AppData\Roaming\ ...
+ ~~~~~~~~~~~~~~~~~~~~~~~~~~~~~~~~~~~~~~~~~~~~~~~~~~~~~~~~~~~~~~~~~~~~~
    + CategoryInfo          : NotSpecified: (:String) [], RemoteException
    + FullyQualifiedErrorId : NativeCommandError
 
[31mÔÄ»ÔÄ»ÔÄ»ÔÄ»ÔÄ»ÔÄ»[39m[1m[41m Failed Tests 10 
[49m[22m[31mÔÄ»ÔÄ»ÔÄ»ÔÄ»ÔÄ»ÔÄ»ÔÄ»[39m

[41m[1m FAIL [22m[49m src/app/app.spec.ts[2m > [22mApp[2m > [22mshould render 
the title
[31m[1mError[22m: Need to call TestBed.initTestEnvironment() first[39m
[90m [2mÔØ»[22m _TestBedImpl.compiler ../k8-fastbuild-ST-fdfa778d11ba/bin/packages/cor
e/testing/src/test_bed.ts:[2m718:13[22m[39m
[90m [2mÔØ»[22m _TestBedImpl.configureTestingModule ../k8-fastbuild-ST-fdfa778d11ba/bi
n/packages/core/testing/src/test_bed.ts:[2m584:10[22m[39m
[90m [2mÔØ»[22m _TestBedImpl.configureTestingModule ../k8-fastbuild-ST-fdfa778d11ba/bi
n/packages/core/testing/src/test_bed.ts:[2m319:33[22m[39m
[90m [2mÔØ»[22m 
projects/testing-library/src/lib/testing-library.ts:[2m139:11[22m[39m
[36m [2mÔØ»[22m node_modules/@testing-library/angular/fesm2022/testing-library-angular
.mjs:[2m125:61[22m[39m
    [90m123| [39m    }
    [90m124| [39m    [35mlet[39m detectChanges[33m;[39m
    [90m125| [39m    [35mconst[39m allInputs [33m=[39m { 
[33m...[39mcomponentInputs[33m,[39m [33m...[39mnewInputs }[33m;[39m
    [90m   | [39m                                                            
[31m^[39m
    [90m126| [39m    [35mlet[39m renderedPropKeys [33m=[39m 
[33mObject[39m[33m.[39m[34mkeys[39m(componentProperties)[33m;[39m
    [90m127| [39m    [35mlet[39m renderedInputKeys [33m=[39m 
[33mObject[39m[33m.[39m[34mkeys[39m(allInputs)[33m;[39m
[90m [2mÔØ»[22m __async node_modules/@testing-library/angular/fesm2022/testing-library
-angular.mjs:[2m109:10[22m[39m
[90m [2mÔØ»[22m render 
projects/testing-library/src/lib/testing-library.ts:[2m56:91[22m[39m
[90m [2mÔØ»[22m src/app/app.spec.ts:[2m8:31[22m[39m

[31m[2mÔÄ»ÔÄ»ÔÄ»ÔÄ»ÔÄ»ÔÄ»ÔÄ»ÔÄ»ÔÄ»ÔÄ»ÔÄ»ÔÄ»ÔÄ»ÔÄ»ÔÄ»ÔÄ»ÔÄ»ÔÄ»ÔÄ»ÔÄ»ÔÄ»ÔÄ»ÔÄ»[1/10]ÔÄ»[
22m[39m

[41m[1m FAIL [22m[49m 
src/app/domains/calculators/feature-list/calculator-list.component.spec.ts[2m > 
[22mCalculatorListComponent[2m > [22mshould render the list of calculators
[31m[1mError[22m: Need to call TestBed.initTestEnvironment() first[39m
[90m [2mÔØ»[22m _TestBedImpl.compiler ../k8-fastbuild-ST-fdfa778d11ba/bin/packages/cor
e/testing/src/test_bed.ts:[2m718:13[22m[39m
[90m [2mÔØ»[22m _TestBedImpl.configureTestingModule ../k8-fastbuild-ST-fdfa778d11ba/bi
n/packages/core/testing/src/test_bed.ts:[2m584:10[22m[39m
[90m [2mÔØ»[22m _TestBedImpl.configureTestingModule ../k8-fastbuild-ST-fdfa778d11ba/bi
n/packages/core/testing/src/test_bed.ts:[2m319:33[22m[39m
[90m [2mÔØ»[22m 
projects/testing-library/src/lib/testing-library.ts:[2m139:11[22m[39m
[36m [2mÔØ»[22m node_modules/@testing-library/angular/fesm2022/testing-library-angular
.mjs:[2m125:61[22m[39m
    [90m123| [39m    }
    [90m124| [39m    [35mlet[39m detectChanges[33m;[39m
    [90m125| [39m    [35mconst[39m allInputs [33m=[39m { 
[33m...[39mcomponentInputs[33m,[39m [33m...[39mnewInputs }[33m;[39m
    [90m   | [39m                                                            
[31m^[39m
    [90m126| [39m    [35mlet[39m renderedPropKeys [33m=[39m 
[33mObject[39m[33m.[39m[34mkeys[39m(componentProperties)[33m;[39m
    [90m127| [39m    [35mlet[39m renderedInputKeys [33m=[39m 
[33mObject[39m[33m.[39m[34mkeys[39m(allInputs)[33m;[39m
[90m [2mÔØ»[22m __async node_modules/@testing-library/angular/fesm2022/testing-library
-angular.mjs:[2m109:10[22m[39m
[90m [2mÔØ»[22m render 
projects/testing-library/src/lib/testing-library.ts:[2m56:91[22m[39m
[90m [2mÔØ»[22m src/app/domains/calculators/feature-list/calculator-list.component.spe
c.ts:[2m18:15[22m[39m

[31m[2mÔÄ»ÔÄ»ÔÄ»ÔÄ»ÔÄ»ÔÄ»ÔÄ»ÔÄ»ÔÄ»ÔÄ»ÔÄ»ÔÄ»ÔÄ»ÔÄ»ÔÄ»ÔÄ»ÔÄ»ÔÄ»ÔÄ»ÔÄ»ÔÄ»ÔÄ»ÔÄ»[2/10]ÔÄ»[
22m[39m

[41m[1m FAIL [22m[49m 
src/app/domains/calculators/feature-list/calculator-list.component.spec.ts[2m > 
[22mCalculatorListComponent[2m > [22mshould filter calculators by search query
[41m[1m FAIL [22m[49m 
src/app/domains/calculators/data/calculator.service.spec.ts[2m > 
[22mCalculatorService[2m > [22mshould have a list of calculators initially
[41m[1m FAIL [22m[49m 
src/app/domains/calculators/data/calculator.service.spec.ts[2m > 
[22mCalculatorService[2m > [22mshould load a config correctly
[41m[1m FAIL [22m[49m 
src/app/domains/calculators/data/calculator.service.spec.ts[2m > 
[22mCalculatorService[2m > [22mshould handle loading errors gracefully
[41m[1m FAIL [22m[49m 
src/app/domains/calculators/feature-detail/ui/calculator-form.component.spec.ts[2m > 
[22mCalculatorFormComponent[2m > [22mshould initialize the local form signal
[41m[1m FAIL [22m[49m 
src/app/domains/calculators/feature-detail/ui/calculator-form.component.spec.ts[2m > 
[22mCalculatorFormComponent[2m > [22mshould update data when inputs change
[31m[1mTypeError[22m: Cannot read properties of null (reading 'ngModule')[39m
[90m [2mÔØ»[22m isModuleWithProviders 
node_modules/@angular/core/fesm2022/_debug_node-chunk.mjs:[2m7242:16[22m[39m
[90m [2mÔØ»[22m expandModuleWithProviders 
node_modules/@angular/core/fesm2022/_debug_node-chunk.mjs:[2m17743:7[22m[39m
[90m [2mÔØ»[22m DynamicTestModule.get 
node_modules/@angular/core/fesm2022/_debug_node-chunk.mjs:[2m17458:84[22m[39m
[90m [2mÔØ»[22m getNgModuleDef 
node_modules/@angular/core/fesm2022/_untracked-chunk.mjs:[2m471:14[22m[39m
[90m [2mÔØ»[22m getNgModuleDefOrThrow 
node_modules/@angular/core/fesm2022/_untracked-chunk.mjs:[2m474:23[22m[39m
[90m [2mÔØ»[22m verifySemanticsOfNgModuleDef 
node_modules/@angular/core/fesm2022/_debug_node-chunk.mjs:[2m17531:19[22m[39m
[90m [2mÔØ»[22m DynamicTestModule.type 
node_modules/@angular/core/fesm2022/_debug_node-chunk.mjs:[2m17495:22[22m[39m
[90m [2mÔØ»[22m TestBedCompiler.applyProviderOverridesInScope ../k8-fastbuild-ST-fdfa7
78d11ba/bin/packages/core/testing/src/test_bed_compiler.ts:[2m627:31[22m[39m
[90m [2mÔØ»[22m TestBedCompiler.compileTestModule ../k8-fastbuild-ST-fdfa778d11ba/bin/
packages/core/testing/src/test_bed_compiler.ts:[2m987:10[22m[39m

[31m[2mÔÄ»ÔÄ»ÔÄ»ÔÄ»ÔÄ»ÔÄ»ÔÄ»ÔÄ»ÔÄ»ÔÄ»ÔÄ»ÔÄ»ÔÄ»ÔÄ»ÔÄ»ÔÄ»ÔÄ»ÔÄ»ÔÄ»ÔÄ»ÔÄ»ÔÄ»ÔÄ»[3/10]ÔÄ»[
22m[39m

[41m[1m FAIL [22m[49m 
src/app/domains/calculators/data/calculator.service.spec.ts[2m > 
[22mCalculatorService[2m > [22mshould be created
[31m[1mError[22m: Need to call TestBed.initTestEnvironment() first[39m
[90m [2mÔØ»[22m _TestBedImpl.compiler ../k8-fastbuild-ST-fdfa778d11ba/bin/packages/cor
e/testing/src/test_bed.ts:[2m718:13[22m[39m
[90m [2mÔØ»[22m _TestBedImpl.configureTestingModule ../k8-fastbuild-ST-fdfa778d11ba/bi
n/packages/core/testing/src/test_bed.ts:[2m584:10[22m[39m
[90m [2mÔØ»[22m _TestBedImpl.configureTestingModule ../k8-fastbuild-ST-fdfa778d11ba/bi
n/packages/core/testing/src/test_bed.ts:[2m319:33[22m[39m
[36m [2mÔØ»[22m 
src/app/domains/calculators/data/calculator.service.spec.ts:[2m9:17[22m[39m
    [90m  7| [39m
    [90m  8| [39m    [34mbeforeEach[39m(() [33m=>[39m {
    [90m  9| [39m        [33mTestBed[39m[33m.[39m[34mconfigureTestingModule[39m({
    [90m   | [39m                [31m^[39m
    [90m 10| [39m            providers[33m:[39m [[33mCalculatorService[39m]
    [90m 11| [39m        })[33m;[39m

[31m[2mÔÄ»ÔÄ»ÔÄ»ÔÄ»ÔÄ»ÔÄ»ÔÄ»ÔÄ»ÔÄ»ÔÄ»ÔÄ»ÔÄ»ÔÄ»ÔÄ»ÔÄ»ÔÄ»ÔÄ»ÔÄ»ÔÄ»ÔÄ»ÔÄ»ÔÄ»ÔÄ»[4/10]ÔÄ»[
22m[39m

[41m[1m FAIL [22m[49m 
src/app/domains/calculators/feature-detail/ui/calculator-form.component.spec.ts[2m > 
[22mCalculatorFormComponent[2m > [22mshould create
[31m[1mError[22m: Need to call TestBed.initTestEnvironment() first[39m
[90m [2mÔØ»[22m _TestBedImpl.compiler ../k8-fastbuild-ST-fdfa778d11ba/bin/packages/cor
e/testing/src/test_bed.ts:[2m718:13[22m[39m
[90m [2mÔØ»[22m _TestBedImpl.configureTestingModule ../k8-fastbuild-ST-fdfa778d11ba/bi
n/packages/core/testing/src/test_bed.ts:[2m584:10[22m[39m
[90m [2mÔØ»[22m _TestBedImpl.configureTestingModule ../k8-fastbuild-ST-fdfa778d11ba/bi
n/packages/core/testing/src/test_bed.ts:[2m319:33[22m[39m
[36m [2mÔØ»[22m src/app/domains/calculators/feature-detail/ui/calculator-form.componen
t.spec.ts:[2m28:23[22m[39m

[2m Test Files [22m [1m[31m4 failed[39m[22m[2m | [22m[1m[32m6 passed[39m[22m[90m (10)[39m
[2m      Tests [22m [1m[31m10 failed[39m[22m[2m | [22m[1m[32m27 passed[39m[22m[90m (37)[39m
[2m   Start at [22m 23:46:39
[2m   Duration [22m 16.10s[2m (transform 21.92s, setup 149ms, import 29.51s, tests 1.19s, environment 18.78s)[22m

    [90m 26| [39m
    [90m 27| [39m    [34mbeforeEach[39m([35masync[39m () [33m=>[39m {
    [90m 28| [39m        [35mawait[39m 
[33mTestBed[39m[33m.[39m[34mconfigureTestingModule[39m({
    [90m   | [39m                      [31m^[39m
    [90m 29| [39m            imports: [CalculatorFormComponent, 
LucideAngularModule.picÔÇª
    [90m 30| [39m            providers[33m:[39m [[34mprovideRouter[39m([])]

[31m[2mÔÄ»ÔÄ»ÔÄ»ÔÄ»ÔÄ»ÔÄ»ÔÄ»ÔÄ»ÔÄ»ÔÄ»ÔÄ»ÔÄ»ÔÄ»ÔÄ»ÔÄ»ÔÄ»ÔÄ»ÔÄ»ÔÄ»ÔÄ»ÔÄ»ÔÄ»ÔÄ»[5/10]ÔÄ»[
22m[39m

